// Jest Snapshot v1, https://goo.gl/fbAQLP

exports[`<TrackContainer /> container tests should render and match the snapshot 1`] = `
<body>
  <div>
    <div
      class="Container-sc-1vnn72p-0 iOkZIh"
    >
      <div
        class="ant-skeleton ant-skeleton-active"
      >
        <div
          class="ant-skeleton-content"
        >
          <h3
            class="ant-skeleton-title"
            style="width: 38%;"
          />
          <ul
            class="ant-skeleton-paragraph"
          >
            <li />
            <li />
            <li
              style="width: 61%;"
            />
          </ul>
        </div>
      </div>
    </div>
  </div>
</body>
`;
